   Compiling proc-macro2 v1.0.107
   Compiling quote v1.0.47
   Compiling unicode-ident v1.0.24
   Compiling serde_core v1.0.229
   Compiling serde v1.0.229
   Compiling libc v0.2.189
   Compiling cfg-if v1.0.4
   Compiling version_check v0.9.5
   Compiling generic-array v0.14.9
   Compiling zeroize v1.9.0
   Compiling typenum v1.20.1
   Compiling syn v3.0.3
   Compiling syn v2.0.119
   Compiling getrandom v0.2.17
   Compiling portable-atomic v1.15.0
   Compiling once_cell v1.21.4
   Compiling subtle v2.6.1
   Compiling crypto-common v0.1.6
   Compiling const-oid v0.9.6
   Compiling itoa v1.0.18
   Compiling block-buffer v0.10.4
   Compiling rand_core v0.6.4
   Compiling digest v0.10.7
   Compiling allocator-api2 v0.2.21
   Compiling unicode-xid v0.2.6
   Compiling autocfg v1.5.1
   Compiling foldhash v0.2.0
   Compiling zerocopy v0.8.56
   Compiling hashbrown v0.17.1
   Compiling serde_derive v1.0.229
   Compiling equivalent v1.0.2
   Compiling memchr v2.8.3
   Compiling indexmap v2.14.0
   Compiling cpufeatures v0.2.17
   Compiling hmac v0.12.1
   Compiling paste v1.0.15
   Compiling zmij v1.0.23
   Compiling sha2 v0.10.9
   Compiling arrayvec v0.7.8
   Compiling pin-project-lite v0.2.17
   Compiling der v0.7.10
   Compiling serde_json v1.0.151
   Compiling ff v0.13.1
   Compiling base16ct v0.2.0
   Compiling spki v0.7.3
   Compiling pkcs8 v0.10.2
   Compiling bytes v1.12.1
   Compiling smallvec v1.15.2
   Compiling sec1 v0.7.3
   Compiling group v0.13.0
   Compiling crypto-bigint v0.5.5
   Compiling synstructure v0.13.2
   Compiling rfc6979 v0.4.0
   Compiling signature v2.2.0
   Compiling winnow v1.0.4
   Compiling libm v0.2.16
   Compiling zerofrom-derive v0.1.7
   Compiling parking_lot_core v0.9.12
   Compiling yoke-derive v0.8.2
   Compiling elliptic-curve v0.13.8
   Compiling jobserver v0.1.35
   Compiling ecdsa v0.16.9
   Compiling shlex v2.0.1
   Compiling find-msvc-tools v0.1.11
   Compiling cc v1.4.3
   Compiling k256 v0.13.4
   Compiling crunchy v0.2.4
   Compiling log v0.4.33
   Compiling unicode-segmentation v1.13.3
   Compiling convert_case v0.10.0
   Compiling const-hex v1.19.1
   Compiling tracing-attributes v0.1.31
   Compiling ruint-macro v1.2.1
   Compiling derive_more-impl v2.1.1
   Compiling zerovec-derive v0.11.5
   Compiling num-traits v0.2.19
   Compiling hybrid-array v0.4.14
   Compiling displaydoc v0.2.7
   Compiling tracing-core v0.1.36
   Compiling block-buffer v0.12.1
   Compiling crypto-common v0.2.2
   Compiling alloy-rlp-derive v0.3.16
   Compiling rustversion v1.0.23
   Compiling scopeguard v1.2.0
   Compiling lock_api v0.4.14
   Compiling alloy-rlp v0.3.16
   Compiling tracing v0.1.44
   Compiling digest v0.11.3
   Compiling futures-core v0.3.34
   Compiling ruint v1.20.0
   Compiling keccak v0.2.1
   Compiling sha3 v0.11.0
   Compiling derive_more v2.1.1
   Compiling alloy-primitives v1.6.1
   Compiling parking_lot v0.12.5
   Compiling ring v0.17.14
   Compiling ppv-lite86 v0.2.21
   Compiling dunce v1.0.5
   Compiling thiserror v2.0.20
   Compiling rand_chacha v0.3.1
   Compiling thiserror-impl v2.0.20
   Compiling errno v0.3.14
   Compiling icu_properties_data v2.3.0
   Compiling futures-sink v0.3.34
   Compiling icu_normalizer_data v2.3.0
   Compiling futures-channel v0.3.34
   Compiling signal-hook-registry v1.4.8
   Compiling rand v0.8.7
   Compiling toml_parser v1.1.3+spec-1.1.0
   Compiling auto_impl v1.3.0
   Compiling tokio-macros v2.7.2
   Compiling mio v1.2.2
   Compiling socket2 v0.6.5
   Compiling futures-task v0.3.34
   Compiling toml_datetime v1.1.1+spec-1.1.0
   Compiling tokio v1.53.1
   Compiling toml_edit v0.25.13+spec-1.1.0
   Compiling futures-macro v0.3.34
   Compiling slab v0.4.12
   Compiling futures-io v0.3.34
   Compiling futures-util v0.3.34
   Compiling proc-macro-crate v3.5.0
   Compiling zerofrom v0.1.8
   Compiling stable_deref_trait v1.2.1
   Compiling yoke v0.8.3
   Compiling heck v0.5.0
   Compiling tiny-keccak v2.0.2
   Compiling syn v1.0.109
   Compiling zerovec v0.11.8
   Compiling thiserror v1.0.69
   Compiling bitflags v2.13.1
   Compiling either v1.17.0
   Compiling num-integer v0.1.47
   Compiling thiserror-impl v1.0.69
   Compiling tinystr v0.8.4
   Compiling writeable v0.6.4
   Compiling litemap v0.8.3
   Compiling num-bigint v0.4.8
   Compiling icu_locale_core v2.3.0
   Compiling potential_utf v0.1.6
   Compiling zerotrie v0.2.5
   Compiling parity-scale-codec v3.7.5
   Compiling const_format_proc_macros v0.2.34
   Compiling utf8_iter v1.0.4
   Compiling percent-encoding v2.3.2
   Compiling untrusted v0.9.0
   Compiling icu_collections v2.3.0
   Compiling icu_provider v2.3.0
   Compiling tokio-util v0.7.19
   Compiling parity-scale-codec-derive v3.7.5
   Compiling impl-trait-for-tuples v0.2.3
   Compiling fnv v1.0.7
   Compiling icu_normalizer v2.3.0
   Compiling icu_properties v2.3.0
   Compiling form_urlencoded v1.2.2
   Compiling rlp-derive v0.1.0
   Compiling hex v0.4.3
   Compiling idna_adapter v1.2.2
   Compiling derive_more-impl v1.0.0
   Compiling tower-service v0.3.3
   Compiling idna v1.1.0
   Compiling httparse v1.10.1
   Compiling url v2.5.8
   Compiling scale-info-derive v2.11.6
   Compiling getrandom v0.3.4
   Compiling const-random-macro v0.1.16
   Compiling http v1.5.0
   Compiling ahash v0.8.12
   Compiling byteorder v1.5.0
   Compiling const-random v0.1.18
   Compiling cmake v0.1.58
   Compiling try-lock v0.2.5
   Compiling fs_extra v1.3.0
   Compiling pkg-config v0.3.34
   Compiling want v0.3.1
   Compiling aws-lc-sys v0.44.0
   Compiling httpdate v1.0.3
   Compiling rustix v1.1.4
   Compiling alloy-eip7702 v0.6.3
   Compiling alloy-eip2930 v0.2.4
   Compiling rustls-pki-types v1.15.1
   Compiling getrandom v0.4.3
   Compiling rand_core v0.10.1
   Compiling alloy-sol-type-parser v1.6.1
   Compiling aho-corasick v1.1.5
   Compiling aws-lc-rs v1.18.0
   Compiling radium v0.7.0
   Compiling konst_macro_rules v0.2.19
   Compiling regex-syntax v0.8.11
   Compiling konst v0.2.20
   Compiling alloy-json-abi v1.6.1
   Compiling regex-automata v0.4.18
   Compiling itertools v0.14.0
   Compiling num_enum_derive v0.7.6
   Compiling syn-solidity v1.6.1
   Compiling macro-string v0.2.0
   Compiling proc-macro-error-attr3 v3.0.1
   Compiling tap v1.0.1
   Compiling static_assertions v1.1.0
   Compiling ipnet v2.12.1
   Compiling ident_case v1.0.1
   Compiling camino v1.2.5
   Compiling rustc-hex v2.1.0
   Compiling strsim v0.11.1
   Compiling darling_core v0.23.0
   Compiling alloy-sol-macro-input v1.6.1
   Compiling wyz v0.5.1
   Compiling proc-macro-error3 v3.0.1
   Compiling const_format v0.2.36
   Compiling http-body v1.1.0
   Compiling crc-catalog v2.5.0
   Compiling funty v2.0.0
   Compiling byte-slice-cast v1.2.3
   Compiling bitvec v1.1.1
   Compiling crc v3.4.0
   Compiling darling_macro v0.23.0
   Compiling alloy-sol-macro-expander v1.6.1
   Compiling rlp v0.5.2
   Compiling keccak v0.1.6
   Compiling rustls v0.23.43
   Compiling sha3 v0.10.9
   Compiling alloy-sol-macro v1.6.1
   Compiling darling v0.23.0
   Compiling derive_more v1.0.0
   Compiling num-complex v0.4.6
   Compiling async-trait v0.1.92
   Compiling tower-layer v0.3.3
   Compiling base64 v0.22.1
   Compiling lazy_static v1.5.0
   Compiling crossbeam-utils v0.8.22
   Compiling alloy-sol-types v1.6.1
   Compiling scale-info v2.11.6
   Compiling impl-rlp v0.3.0
   Compiling impl-codec v0.6.0
   Compiling fixed-hash v0.8.0
   Compiling regex v1.13.1
   Compiling open-fastrlp-derive v0.1.1
   Compiling strum_macros v0.26.4
   Compiling impl-serde v0.4.0
   Compiling base64 v0.21.7
   Compiling atomic-waker v1.1.2
   Compiling h2 v0.4.17
   Compiling serde_with_macros v3.22.0
   Compiling uint v0.9.5
   Compiling num_enum v0.7.6
   Compiling webpki-roots v1.0.9
   Compiling num-rational v0.4.2
   Compiling sync_wrapper v1.0.2
   Compiling iana-time-zone v0.1.65
   Compiling chrono v0.4.45
   Compiling hyper v1.11.0
   Compiling serde_with v3.22.0
   Compiling primitive-types v0.12.2
   Compiling ethbloom v0.13.0
   Compiling alloy-eip2124 v0.2.0
   Compiling http-body-util v0.1.5
   Compiling http v0.2.12
   Compiling alloy-eip7928 v0.3.7
   Compiling alloy-serde v1.8.3
   Compiling nybbles v0.4.8
   Compiling linux-raw-sys v0.12.1
   Compiling rustls v0.21.12
   Compiling ryu v1.0.23
   Compiling alloy-trie v0.9.5
   Compiling alloy-eips v1.8.3
   Compiling ethereum-types v0.14.1
   Compiling hyper-util v0.1.20
   Compiling tower v0.5.3
   Compiling alloy-tx-macros v1.8.3
   Compiling sct v0.7.1
   Compiling rustls-webpki v0.101.7
   Compiling revm-primitives v42.0.0
   Compiling pin-project-internal v1.1.13
   Compiling enum-ordinalize-derive v4.4.2
   Compiling eyre v0.6.14
   Compiling bigdecimal v0.4.10
   Compiling fastrand v2.5.0
   Compiling prettyplease v0.2.37
   Compiling pin-project v1.1.13
   Compiling tempfile v3.27.0
   Compiling enum-ordinalize v4.4.2
   Compiling revm-bytecode v42.0.0
   Compiling alloy-consensus v1.8.3
   Compiling hashbrown v0.14.5
   Compiling ark-std v0.6.0
   Compiling alloy-eip7928 v0.4.8
   Compiling cargo-platform v0.1.9
   Compiling ark-serialize-derive v0.6.0
   Compiling inout v0.1.4
   Compiling semver v1.0.28
   Compiling time-core v0.1.9
   Compiling num-conv v0.2.2
   Compiling cpufeatures v0.3.0
   Compiling nonmax v0.5.5
   Compiling revm-state v42.0.0
   Compiling time-macros v0.2.32
   Compiling cargo_metadata v0.18.1
   Compiling cipher v0.4.4
   Compiling ark-serialize v0.6.0
   Compiling educe v0.6.0
   Compiling ethabi v18.0.0
   Compiling open-fastrlp v0.1.4
   Compiling serde_urlencoded v0.7.1
   Compiling strum v0.26.3
   Compiling ark-ff-macros v0.6.0
   Compiling num-iter v0.1.46
   Compiling futures-executor v0.3.34
   Compiling ark-ff-asm v0.6.0
   Compiling socket2 v0.5.10
   Compiling deranged v0.5.8
   Compiling powerfmt v0.2.0
   Compiling time v0.3.55
   Compiling ethers-core v2.0.14
   Compiling ark-ff v0.6.0
   Compiling futures v0.3.34
   Compiling num v0.4.3
   Compiling revm-database-interface v42.0.0
   Compiling tokio-rustls v0.24.1
   Compiling alloy-network-primitives v1.8.3
   Compiling alloy-consensus-any v1.8.3
   Compiling tower-http v0.6.11
   Compiling h2 v0.3.27
   Compiling http-body v0.4.6
   Compiling alloy-json-rpc v1.8.3
   Compiling ring v0.16.20
   Compiling toml_datetime v0.6.11
   Compiling serde_spanned v0.6.9
   Compiling futures-utils-wasm v0.1.0
   Compiling winnow v0.7.15
   Compiling mime v0.3.17
   Compiling toml_write v0.1.2
   Compiling openssl-probe v0.2.1
   Compiling rustls-native-certs v0.8.4
   Compiling toml_edit v0.22.27
   Compiling hyper v0.14.32
   Compiling ark-poly v0.6.0
   Compiling alloy-rpc-types-eth v1.8.3
   Compiling rustls-webpki v0.103.14
   Compiling tokio-stream v0.1.19
   Compiling bs58 v0.5.1
   Compiling sha1 v0.10.7
   Compiling ripemd v0.1.3
   Compiling webpki-roots v0.25.4
   Compiling same-file v1.0.6
   Compiling bech32 v0.9.1
   Compiling base64 v0.13.1
   Compiling data-encoding v2.11.1
   Compiling untrusted v0.7.1
   Compiling tokio-rustls v0.26.4
   Compiling hyper-rustls v0.27.9
   Compiling minimal-lexical v0.2.1
   Compiling indenter v0.3.4
   Compiling tinyvec_macros v0.1.1
   Compiling spin v0.5.2
   Compiling bytemuck v1.25.2
   Compiling utf-8 v0.7.6
   Compiling safe_arch v0.7.4
   Compiling tungstenite v0.20.1
   Compiling tinyvec v1.12.0
   Compiling nom v7.1.3
   Compiling rustls-platform-verifier v0.7.0
   Compiling pem v1.1.1
   Compiling coins-core v0.8.7
   Compiling walkdir v2.5.0
   Compiling Inflector v0.11.4
   Compiling ark-ec v0.6.0
   Compiling hyper-rustls v0.24.2
   Compiling toml v0.8.23
   Compiling revm-context-interface v42.0.0
   Compiling simple_asn1 v0.6.4
   Compiling salsa20 v0.10.2
   Compiling rustls-pemfile v1.0.4
   Compiling fxhash v0.2.1
   Compiling pbkdf2 v0.11.0
   Compiling encoding_rs v0.8.35
   Compiling unicode_categories v0.1.1
   Compiling sync_wrapper v0.1.2
   Compiling parking v2.2.1
   Compiling siphasher v1.0.3
   Compiling phf_shared v0.14.0
   Compiling event-listener v5.4.2
   Compiling reqwest v0.11.27
   Compiling sqlformat v0.2.6
   Compiling scrypt v0.10.0
   Compiling hashers v1.0.1
   Compiling webpki-roots v0.26.11
   Compiling jsonwebtoken v8.3.0
   Compiling crossbeam-queue v0.3.13
   Compiling ethers-contract-abigen v2.0.14
   Compiling futures-intrusive v0.5.0
   Compiling coins-bip32 v0.8.7
   Compiling reqwest v0.13.4
   Compiling hashlink v0.9.1
   Compiling unicode-normalization v0.1.25
   Compiling tokio-tungstenite v0.20.1
   Compiling wide v0.7.33
   Compiling alloy-rpc-types-any v1.8.3
   Compiling alloy-transport v1.8.3
   Compiling aes v0.8.4
   Compiling ctr v0.9.2
   Compiling rustls-pemfile v2.2.0
   Compiling tracing-futures v0.2.5
   Compiling enr v0.10.0
   Compiling alloy-signer v1.8.3
   Compiling atoi v2.0.0
   Compiling approx v0.5.1
   Compiling primeorder v0.13.6
   Compiling uuid v0.8.2
   Compiling pbkdf2 v0.12.2
   Compiling matrixmultiply v0.3.11
   Compiling instant v0.1.13
   Compiling futures-timer v3.0.4
   Compiling unicode-bidi v0.3.18
   Compiling uuid v1.24.1
   Compiling unicode-properties v0.1.4
   Compiling anyhow v1.0.104
   Compiling stringprep v0.1.5
   Compiling sqlx-core v0.8.1
   Compiling ethers-providers v2.0.14
   Compiling eth-keystore v0.5.0
   Compiling coins-bip39 v0.8.7
   Compiling p256 v0.13.2
   Compiling alloy-network v1.8.3
   Compiling alloy-transport-http v1.8.3
   Compiling ethers-contract-derive v2.0.14
   Compiling phf v0.14.0
   Compiling ark-bn254 v0.6.0
   Compiling ark-bls12-381 v0.6.0
   Compiling aurora-engine-modexp v1.2.0
   Compiling sha2 v0.11.0
   Compiling hkdf v0.12.4
   Compiling md-5 v0.10.6
   Compiling ripemd v0.2.0
   Compiling async-stream-impl v0.3.6
   Compiling derive-where v1.6.1
   Compiling hashbrown v0.16.1
   Compiling home v0.5.12
   Compiling crossbeam-epoch v0.9.20
   Compiling dotenvy v0.15.7
   Compiling rawpointer v0.2.1
   Compiling arrayref v0.3.9
   Compiling whoami v1.6.1
   Compiling sqlx-postgres v0.8.1
   Compiling revm-precompile v42.0.1
   Compiling revm-context v42.0.0
   Compiling lru v0.16.4
   Compiling async-stream v0.3.6
   Compiling alloy-chains v0.2.37
   Compiling ethers-contract v2.0.14
   Compiling alloy-rpc-client v1.8.3
   Compiling ethers-signers v2.0.14
   Compiling revm-interpreter v42.0.0
   Compiling chacha20 v0.10.1
   Compiling dashmap v6.2.1
   Compiling alloy-dyn-abi v1.6.1
   Compiling futures-locks v0.7.1
   Compiling bit-vec v0.6.3
   Compiling protobuf v2.28.0
   Compiling crossbeam-deque v0.8.7
   Compiling bit-set v0.5.3
   Compiling ethers-middleware v2.0.14
   Compiling alloy-provider v1.8.3
   Compiling revm-handler v42.0.1
   Compiling rand v0.10.2
   Compiling sqlx-macros-core v0.8.1
   Compiling simba v0.6.0
   Compiling ethers-addressbook v2.0.14
   Compiling sharded-slab v0.1.7
   Compiling matchers v0.2.0
   Compiling nalgebra-macros v0.1.0
   Compiling rand_distr v0.4.3
   Compiling tracing-serde v0.2.0
   Compiling tracing-log v0.2.0
   Compiling nom v8.0.0
   Compiling thread_local v1.1.10
   Compiling nu-ansi-term v0.50.3
   Compiling prometheus v0.13.4
   Compiling rayon-core v1.13.0
   Compiling iso8601 v0.6.5
   Compiling tracing-subscriber v0.3.23
   Compiling nalgebra v0.29.0
   Compiling alloy-contract v1.8.3
   Compiling sqlx-macros v0.8.1
   Compiling tokio-retry v0.3.2
   Compiling revm-inspector v42.0.1
   Compiling fancy-regex v0.11.0
   Compiling ethers v2.0.14
   Compiling alloy-core v1.6.1
   Compiling alloy-signer-local v1.8.3
   Compiling simba v0.9.1
   Compiling reqwest v0.12.28
   Compiling alloy-rpc-types v1.8.3
   Compiling axum-core v0.4.5
   Compiling revm-database v42.0.0
   Compiling fraction v0.13.1
   Compiling combine v4.6.7
   Compiling arc-swap v1.9.2
   Compiling nalgebra-macros v0.2.2
   Compiling serde_path_to_error v0.1.20
   Compiling num-cmp v0.1.0
   Compiling bytecount v0.6.9
   Compiling foldhash v0.1.5
   Compiling sha1_smol v1.0.1
   Compiling matchit v0.7.3
   Compiling axum v0.7.9
   Compiling redis v0.25.5
   Compiling hashbrown v0.15.5
   Compiling jsonschema v0.17.1
   Compiling nalgebra v0.33.3
   Compiling revm v42.0.1
   Compiling alloy v1.8.3
   Compiling sqlx v0.8.1
   Compiling statrs v0.16.1
   Compiling tower-http v0.5.2
   Compiling tower v0.4.13
   Compiling smartstring v1.0.1
   Compiling pathdiff v0.2.3
   Compiling fixedbitset v0.4.2
   Compiling petgraph v0.6.5
   Compiling config v0.14.1
   Compiling math-engine v0.1.0 (/workspace/scratch/e38757127d8c/arbitragex-v2/backend/math-engine)
   Compiling shared-rs v0.1.0 (/workspace/scratch/e38757127d8c/arbitragex-v2/backend/shared-rs)
   Compiling rayon v1.12.0
   Compiling lru v0.12.5
   Compiling dashmap v5.5.3
   Compiling rust_decimal v1.42.1
   Compiling prioritization-spine v0.1.0 (/workspace/scratch/e38757127d8c/arbitragex-v2/backend/prioritization-spine)
   Compiling simulator-v2 v0.1.0 (/workspace/scratch/e38757127d8c/arbitragex-v2/backend/simulator-v2)
   Compiling rhai_codegen v3.2.0
   Compiling unsafe-libyaml v0.2.11
   Compiling thin-vec v0.2.19
   Compiling serde_yaml v0.9.34+deprecated
   Compiling rhai v1.25.1
   Compiling sim-core v0.1.0 (/workspace/scratch/e38757127d8c/arbitragex-v2/backend/sim-core)
   Compiling num_cpus v1.17.0
   Compiling deadpool-runtime v0.1.4
   Compiling deadpool v0.12.3
   Compiling assert-json-diff v2.0.2
   Compiling wiremock v0.6.5
   Compiling searcher-rs v0.1.0 (/workspace/scratch/e38757127d8c/arbitragex-v2/backend/searcher-rs)
    Finished `bench` profile [optimized] target(s) in 5m 06s
     Running benches/discovery_matrix.rs (target/release/deps/discovery_matrix-5bc4a52e83f4f557)
ARBX-QB-07-006 discovery matrix · 30 OAT points over base (tokens=22 degree=6 seeds=4 hop=3 buckets=32) · golden p* = 2845289597948530462 net wei · 400 samples (+50 warmup) · nearest-rank
  [base] value=base pools=165 routes=500 cycles=294 p95_total=15.107ms (find 10.718 · mh 4.184 · rank 0.072 · refine 0.182)
  [pool_count] value=90 pools=90 routes=500 cycles=134 p95_total=12.510ms (find 10.056 · mh 2.213 · rank 0.052 · refine 0.164)
  [pool_count] value=165 pools=165 routes=500 cycles=294 p95_total=15.545ms (find 10.952 · mh 4.333 · rank 0.069 · refine 0.183)
  [pool_count] value=330 pools=330 routes=500 cycles=500 p95_total=16.605ms (find 10.460 · mh 5.754 · rank 0.229 · refine 0.177)
  [pool_count] value=660 pools=660 routes=500 cycles=500 p95_total=17.403ms (find 10.665 · mh 5.951 · rank 0.056 · refine 0.176)
  [avg_degree] value=3 pools=82 routes=42 cycles=12 p95_total=1.557ms (find 0.907 · mh 0.475 · rank 0.002 · refine 0.166)
  [avg_degree] value=6 pools=165 routes=500 cycles=294 p95_total=15.838ms (find 11.535 · mh 4.397 · rank 0.055 · refine 0.183)
  [avg_degree] value=9 pools=247 routes=500 cycles=245 p95_total=14.918ms (find 8.190 · mh 6.450 · rank 0.053 · refine 0.180)
  [avg_degree] value=12 pools=330 routes=500 cycles=500 p95_total=13.140ms (find 8.274 · mh 4.802 · rank 0.048 · refine 0.175)
  [dirty_pairs] value=0 pools=165 routes=500 cycles=294 p95_total=14.278ms (find 10.038 · mh 4.039 · rank 0.047 · refine 0.163)
  [dirty_pairs] value=4 pools=165 routes=500 cycles=294 p95_total=16.249ms (find 11.854 · mh 4.568 · rank 0.066 · refine 0.206)
  [dirty_pairs] value=16 pools=165 routes=500 cycles=294 p95_total=15.456ms (find 10.966 · mh 4.604 · rank 0.053 · refine 0.180)
  [dirty_pairs] value=64 pools=165 routes=500 cycles=294 p95_total=15.245ms (find 10.766 · mh 4.266 · rank 0.056 · refine 0.178)
  [enabled_strategies] value=none pools=165 routes=500 cycles=1 p95_total=44.658ms (find 39.048 · mh 5.692 · rank 0.056 · refine 0.177)
  [enabled_strategies] value=MEV-01-001 pools=165 routes=500 cycles=1 p95_total=43.656ms (find 38.238 · mh 5.529 · rank 0.051 · refine 0.178)
  [enabled_strategies] value=MEV-07-001 pools=165 routes=500 cycles=13 p95_total=46.442ms (find 40.516 · mh 5.974 · rank 0.056 · refine 0.181)
  [enabled_strategies] value=MEV-08-001 pools=165 routes=500 cycles=98 p95_total=43.983ms (find 38.223 · mh 5.760 · rank 0.053 · refine 0.169)
  [enabled_strategies] value=MEV-01-016 pools=165 routes=500 cycles=272 p95_total=42.505ms (find 38.442 · mh 4.093 · rank 0.058 · refine 0.178)
  [hop] value=2 pools=165 routes=82 cycles=22 p95_total=1.478ms (find 0.981 · mh 0.349 · rank 0.004 · refine 0.148)
  [hop] value=3 pools=165 routes=500 cycles=294 p95_total=15.250ms (find 10.920 · mh 4.327 · rank 0.056 · refine 0.184)
  [hop] value=4 pools=165 routes=500 cycles=98 p95_total=17.795ms (find 11.721 · mh 6.106 · rank 0.053 · refine 0.172)
  [hop] value=5 pools=165 routes=500 cycles=38 p95_total=25.042ms (find 18.695 · mh 6.783 · rank 0.053 · refine 0.186)
  [hop] value=6 pools=165 routes=500 cycles=13 p95_total=29.808ms (find 24.146 · mh 5.711 · rank 0.051 · refine 0.178)
  [hop] value=7 pools=165 routes=500 cycles=1 p95_total=44.460ms (find 39.026 · mh 5.928 · rank 0.057 · refine 0.181)
  [amount_buckets] value=8 pools=165 routes=500 cycles=294 p95_total=14.675ms (find 10.459 · mh 4.108 · rank 0.053 · refine 0.051)
  [amount_buckets] value=16 pools=165 routes=500 cycles=294 p95_total=13.909ms (find 9.892 · mh 3.916 · rank 0.053 · refine 0.088)
  [amount_buckets] value=22 pools=165 routes=500 cycles=294 p95_total=15.071ms (find 10.710 · mh 4.273 · rank 0.052 · refine 0.120)
  [amount_buckets] value=32 pools=165 routes=500 cycles=294 p95_total=14.616ms (find 10.505 · mh 4.094 · rank 0.053 · refine 0.165)
  [amount_buckets] value=64 pools=165 routes=500 cycles=294 p95_total=14.171ms (find 9.895 · mh 3.944 · rank 0.053 · refine 0.288)
  [amount_buckets] value=128 pools=165 routes=500 cycles=294 p95_total=14.732ms (find 10.290 · mh 3.997 · rank 0.051 · refine 0.565)
GATE PASS formal=true base_p95=15.107ms budget=30ms (dev/prof-shrunk runs are never PASS)
