   Compiling searcher-rs v0.1.0 (/workspace/scratch/e38757127d8c/arbitragex-v2/backend/searcher-rs)
    Finished `bench` profile [optimized] target(s) in 1m 20s
     Running benches/discovery_matrix.rs (target/release/deps/discovery_matrix-5bc4a52e83f4f557)
ARBX-QB-07-006 discovery matrix · 30 OAT points over base (tokens=22 degree=6 seeds=4 hop=3 buckets=32) · golden p* = 2845289597948530462 net wei · 400 samples (+50 warmup) · nearest-rank
  [base] value=base pools=165 routes=500 cycles=294 p95_total=11.571ms (find 5.933 · mh 5.555 · rank 0.083 · refine 0.193)
  [pool_count] value=90 pools=90 routes=500 cycles=134 p95_total=7.657ms (find 4.820 · mh 2.676 · rank 0.051 · refine 0.181)
  [pool_count] value=165 pools=165 routes=500 cycles=294 p95_total=8.802ms (find 4.242 · mh 4.175 · rank 0.061 · refine 0.170)
  [pool_count] value=330 pools=330 routes=500 cycles=500 p95_total=10.668ms (find 4.598 · mh 5.702 · rank 0.051 · refine 0.172)
  [pool_count] value=660 pools=660 routes=500 cycles=500 p95_total=10.920ms (find 4.614 · mh 6.120 · rank 0.052 · refine 0.183)
  [avg_degree] value=3 pools=82 routes=42 cycles=12 p95_total=0.918ms (find 0.356 · mh 0.416 · rank 0.002 · refine 0.138)
  [avg_degree] value=6 pools=165 routes=500 cycles=294 p95_total=8.127ms (find 4.121 · mh 3.959 · rank 0.046 · refine 0.156)
  [avg_degree] value=9 pools=247 routes=500 cycles=245 p95_total=9.738ms (find 3.159 · mh 6.386 · rank 0.045 · refine 0.164)
  [avg_degree] value=12 pools=330 routes=500 cycles=500 p95_total=8.102ms (find 3.168 · mh 4.937 · rank 0.049 · refine 0.169)
  [dirty_pairs] value=0 pools=165 routes=500 cycles=294 p95_total=8.597ms (find 4.376 · mh 4.105 · rank 0.052 · refine 0.163)
  [dirty_pairs] value=4 pools=165 routes=500 cycles=294 p95_total=8.473ms (find 4.225 · mh 3.955 · rank 0.045 · refine 0.160)
  [dirty_pairs] value=16 pools=165 routes=500 cycles=294 p95_total=8.445ms (find 4.280 · mh 4.106 · rank 0.050 · refine 0.174)
  [dirty_pairs] value=64 pools=165 routes=500 cycles=294 p95_total=8.635ms (find 4.281 · mh 4.017 · rank 0.046 · refine 0.170)
  [enabled_strategies] value=none pools=165 routes=500 cycles=1 p95_total=14.078ms (find 8.470 · mh 5.394 · rank 0.053 · refine 0.165)
  [enabled_strategies] value=MEV-01-001 pools=165 routes=500 cycles=1 p95_total=14.452ms (find 8.588 · mh 5.609 · rank 0.053 · refine 0.166)
  [enabled_strategies] value=MEV-07-001 pools=165 routes=500 cycles=13 p95_total=14.036ms (find 8.237 · mh 5.335 · rank 0.049 · refine 0.149)
  [enabled_strategies] value=MEV-08-001 pools=165 routes=500 cycles=98 p95_total=14.611ms (find 8.835 · mh 5.746 · rank 0.052 · refine 0.177)
  [enabled_strategies] value=MEV-01-016 pools=165 routes=500 cycles=272 p95_total=13.462ms (find 9.089 · mh 4.275 · rank 0.053 · refine 0.173)
  [hop] value=2 pools=165 routes=82 cycles=22 p95_total=1.252ms (find 0.682 · mh 0.480 · rank 0.004 · refine 0.179)
  [hop] value=3 pools=165 routes=500 cycles=294 p95_total=9.143ms (find 4.709 · mh 4.317 · rank 0.048 · refine 0.189)
  [hop] value=4 pools=165 routes=500 cycles=98 p95_total=9.557ms (find 3.679 · mh 5.664 · rank 0.045 · refine 0.165)
  [hop] value=5 pools=165 routes=500 cycles=38 p95_total=10.570ms (find 4.587 · mh 5.539 · rank 0.044 · refine 0.157)
  [hop] value=6 pools=165 routes=500 cycles=13 p95_total=11.888ms (find 6.027 · mh 5.763 · rank 0.058 · refine 0.181)
  [hop] value=7 pools=165 routes=500 cycles=1 p95_total=14.769ms (find 9.057 · mh 5.778 · rank 0.051 · refine 0.182)
  [amount_buckets] value=8 pools=165 routes=500 cycles=294 p95_total=8.098ms (find 4.141 · mh 3.912 · rank 0.040 · refine 0.047)
  [amount_buckets] value=16 pools=165 routes=500 cycles=294 p95_total=7.891ms (find 3.990 · mh 3.768 · rank 0.042 · refine 0.081)
  [amount_buckets] value=22 pools=165 routes=500 cycles=294 p95_total=8.133ms (find 4.008 · mh 3.991 · rank 0.042 · refine 0.106)
  [amount_buckets] value=32 pools=165 routes=500 cycles=294 p95_total=8.195ms (find 3.993 · mh 4.024 · rank 0.046 · refine 0.156)
  [amount_buckets] value=64 pools=165 routes=500 cycles=294 p95_total=8.102ms (find 4.010 · mh 3.803 · rank 0.042 · refine 0.277)
  [amount_buckets] value=128 pools=165 routes=500 cycles=294 p95_total=8.663ms (find 4.205 · mh 3.970 · rank 0.043 · refine 0.566)
GATE PASS formal=true base_p95=11.571ms budget=30ms (dev/prof-shrunk runs are never PASS)
